// Jest Snapshot v1, https://goo.gl/fbAQLP

exports[`renders without crashing 1`] = `
<div
  className="date"
  data-testid="date"
>
  5:47:54 pm
</div>
`;
